// Jest Snapshot v1, https://goo.gl/fbAQLP

exports[`CurrencyTitle CurrencyTitle render 1`] = `
<div
  className="currency-title__CurrencyStyle-sc-14ttzt-0 loBVpX"
/>
`;
